
> arino@0.1.0 build
> vue-cli-service build

All browser targets in the browserslist configuration have supported ES module.
Therefore we don't build two separate bundles for differential loading.


 ERROR  Failed to compile with 2 errors6:49:46 pm

 error  in ./src/views/HomeView.vue?vue&type=style&index=0&id=2ba7006b&lang=scss&scoped=true

Syntax Error: SassError: expected "}".
     ÔòÀ
1382 Ôöé }
     Ôöé  ^
     ÔòÁ
  src\views\HomeView.vue 1382:2  root stylesheet


 error  in ./src/views/HomeView.vue?vue&type=style&index=0&id=2ba7006b&lang=scss&scoped=true

Syntax Error: HookWebpackError: Module build failed (from ./node_modules/sass-loader/dist/cjs.js):
SassError: expected "}".
     ÔòÀ
1382 Ôöé }
     Ôöé  ^
     ÔòÁ
  src\views\HomeView.vue 1382:2  root stylesheet
-- inner error --
Error: Module build failed (from ./node_modules/sass-loader/dist/cjs.js):
SassError: expected "}".
     ÔòÀ
1382 Ôöé }
     Ôöé  ^
     ÔòÁ
  src\views\HomeView.vue 1382:2  root stylesheet
Generated code for D:\YAMM\yammtech-main\node_modules\css-loader\dist\cjs.js??clonedRuleSet-22.use[1]!D:\YAMM\yammtech-main\node_modules\vue-loader\dist\stylePostLoader.js!D:\YAMM\yammtech-main\node_modules\postcss-loader\dist\cjs.js??clonedRuleSet-22.use[2]!D:\YAMM\yammtech-main\node_modules\sass-loader\dist\cjs.js??clonedRuleSet-22.use[3]!D:\YAMM\yammtech-main\node_modules\vue-loader\dist\index.js??ruleSet[0].use[0]!D:\YAMM\yammtech-main\src\views\HomeView.vue?vue&type=style&index=0&id=2ba7006b&lang=scss&scoped=true
1 | throw new Error("Module build failed (from ./node_modules/sass-loader/dist/cjs.js):\nSassError: expected \"}\".\n     ÔòÀ\n1382 Ôöé }\n     Ôöé  ^\n     ÔòÁ\n  src\\views\\HomeView.vue 1382:2  root stylesheet");


